// Jest Snapshot v1, https://jestjs.io/docs/snapshot-testing

exports[`server API renders html attributes as component 1`] = `"<html lang="ga" class="myClassName"><head></head></html>"`;

exports[`server API renders html attributes as string 1`] = `"class="myClassName" lang="ga""`;

exports[`server Declarative API renders html attributes as component 1`] = `"<html lang="ga" class="myClassName"><head></head></html>"`;

exports[`server Declarative API renders html attributes as string 1`] = `"class="myClassName" lang="ga""`;
