// Jest Snapshot v1, https://jestjs.io/docs/snapshot-testing

exports[`Helmet Data browser renders declarative without context 1`] = `"<base href="http://localhost/" target="_blank" data-rh="true">"`;

exports[`Helmet Data browser renders without context 1`] = `"<base href="http://localhost/" target="_blank" data-rh="true">"`;

exports[`Helmet Data browser sets base tag based on deepest nested component 1`] = `"<base href="http://mysite.com/public" data-rh="true">"`;
